12
1 8
2 4
2 5
2 6
2 7
3 5
3 6
3 7
4 6
4 7
5 4
5 7